
. 
. *============================*
. * PACKAGE INSTALLATION       *
. *============================*
. local packages ftools reghdfe estout coefplot parmest

. foreach pkg of local packages {
  2.     cap which `pkg'
  3.     if _rc ssc install `pkg', replace
  4. }

. 
. *============================*
. *       LOAD DATA            *
. *============================*
. local regions molise basilicata

. local first = 1

. foreach r of local regions {
  2.     if `first' {
  3.         use "Data/non_derived/`r'.dta", clear
  4.         local first = 0
  5.     }
  6.     else append using "Data/non_derived/`r'.dta"
  7. }
(Written by R.              )
(variable date_end was int, now float to accommodate using data's values)
(label type already defined)
(label sector_firm already defined)
(label firm_dimension already defined)
(label firm_position already defined)
(label region_res already defined)
(label gender already defined)
(label qualification already defined)
(label type_contract already defined)
(label part_time already defined)
(label reason_end2 already defined)

. 
. *============================*
. *  DATA CLEANING & ENGINEERING *
. *============================*
. 
. keep id_worker year gender type wage contract_type sector_12cat region_res year_birth

. 
. destring region_res, replace
region_res already numeric; no replace

. 
. * For each worker, find their region (use mode in case of moves)
. bysort id_worker: egen region_filled = mode(region_res), maxmode
warning: For at least one group, region_res contains all missing values. Generating missing values for the modes in these groups. Use
         option missing to treat missing values as a category.
(6,563 missing values generated)

. replace region_res = region_filled if missing(region_res)
(391,428 real changes made)

. drop region_filled

. 
. * Verify the fix
. di _n "=== VERIFY: Unemployed workers now have region ===" _n

=== VERIFY: Unemployed workers now have region ===


. tab type region_res if type == 4

                  |  Region of residence
             type | Basilicat     Molise |     Total
------------------+----------------------+----------
     Non employed |   257,085    134,343 |   391,428 
------------------+----------------------+----------
            Total |   257,085    134,343 |   391,428 

. 
. *--- Treatment Variables ---*
. gen byte treat_quake = (region_res == 12)

. label var treat_quake "Molise resident"

. 
. *--- Wage Processing ---*
. destring wage, replace force
wage already numeric; no replace

. label var wage "Annual wage (€)"

. 
. *--- Employment Indicator ---*
. gen byte employed = (wage > 0 & !missing(wage)) | (type != 4 & !missing(type))

. replace employed = . if missing(wage) & missing(type)
(0 real changes made)

. label var employed "Any employment"

. 
. *--- Cohort Filtering ---*
. preserve

. keep if inlist(year, 1999, 2000, 2001) & employed == 1
(816,216 observations deleted)

. keep id_worker

. duplicates drop

Duplicates in terms of all variables

(22,522 observations deleted)

. di "Cohort size: " _N
Cohort size: 15306

. tempfile cohort_workers

. save `cohort_workers'
file /var/folders/yt/tw36rldj4vj59zcpt_d9sjww0000gn/T//S_26055.000002 saved as .dta format

. restore

. 
. merge m:1 id_worker using `cohort_workers', keep(match) nogen

    Result                      Number of obs
    -----------------------------------------
    Not matched                             0
    Matched                           453,763  
    -----------------------------------------

. keep if inrange(year, 2000, 2004)
(379,633 observations deleted)

. *--- Post-treatment indicator ---*
. gen byte post_quake = (year >= 2003)

. label var post_quake "Post 2003"

. 
. gen rel_year = year - 2002

. label var rel_year "Year - 2002"

. 
. *--- Age calculation and age groups ---*
. gen age = year - year_birth

. label var age "Age in given year"

. 
. gen byte age_group = .
(74,130 missing values generated)

. replace age_group = 1 if age <= 34 & !missing(age)
(29,241 real changes made)

. replace age_group = 2 if age >= 35 & age <= 55 & !missing(age)
(41,070 real changes made)

. replace age_group = 3 if age >= 56 & !missing(age)
(3,819 real changes made)

. 
. label define age_grp 1 "≤34" 2 "35-55" 3 "≥56"

. label values age_group age_grp

. label var age_group "Age group"

. 
. *--- Worker-level average wage ---*
. bysort id_worker: egen avg_wage_worker = mean(wage)
(2,015 missing values generated)

. label var avg_wage_worker "Worker-level average wage"

. 
. *--- Worker-level Income Category ---*
. gen byte income_category_worker = .
(74,130 missing values generated)

. replace income_category_worker = 1 if avg_wage_worker < 28000 & !missing(avg_wage_worker)
(67,225 real changes made)

. replace income_category_worker = 2 if avg_wage_worker >= 28000 & avg_wage_worker <= 50000
(3,828 real changes made)

. replace income_category_worker = 3 if avg_wage_worker > 50000 & !missing(avg_wage_worker)
(1,062 real changes made)

. 
. label define inc_cat_w 1 "Low" 2 "Medium" 3 "High"

. label values income_category_worker inc_cat_w

. label var income_category_worker "Income category (worker avg)"

. 
. *--- Current Income Category ---*
. gen byte income_category = .
(74,130 missing values generated)

. replace income_category = 1 if wage < 28000 & !missing(wage)
(56,914 real changes made)

. replace income_category = 2 if inrange(wage, 28000, 50000)
(4,215 real changes made)

. replace income_category = 3 if wage > 50000
(13,001 real changes made)

. 
. label define inc3 1 "Low" 2 "Medium" 3 "High"

. label values income_category inc3

. label var income_category "Income category (current year)"

. 
. *--- Baseline Income ---*
. gen byte pre = (post_quake == 0)

. bys id_worker: egen pre_last_year = max(year) if pre
(29,122 missing values generated)

. gen double baseline_wage = wage if year == pre_last_year
(61,359 missing values generated)

. bys id_worker: egen baseline_wage_final = max(baseline_wage)
(11,569 missing values generated)

. drop baseline_wage pre pre_last_year

. rename baseline_wage_final baseline_wage

. label var baseline_wage "Baseline wage (last pre-quake year)"

. 
. gen byte base_inc = 1 if baseline_wage < 28000 & !missing(baseline_wage)
(16,701 missing values generated)

. replace base_inc = 2 if inrange(baseline_wage, 28000, 50000)
(4,039 real changes made)

. replace base_inc = 3 if baseline_wage > 50000 & !missing(baseline_wage)
(1,093 real changes made)

. 
. gen byte base_inc4 = cond(missing(base_inc), 4, base_inc)

. label define baseinc4 1 "Low (pre)" 2 "Med (pre)" 3 "High (pre)" 4 "Unknown (pre)"

. label values base_inc4 baseinc4

. label var base_inc4 "Baseline income (4 cats incl. Unknown)"

. 
. *--- Employment Type Dummies ---*
. gen byte y_private = (type == 1) if !missing(type)

. gen byte y_public  = (type == 2) if !missing(type)

. gen byte y_self    = (type == 3) if !missing(type)

. 
. label var y_private "Private employment (Pr)"

. label var y_public  "Public employment (Pr)"

. label var y_self    "Self-employment (Pr)"

. 
. *--- Log wage ---*
. gen double lnwage = ln(wage + 1)
(11,926 missing values generated)

. label var lnwage "Log(wage + 1)"

. 
. *--- Joint outcomes ---*
. gen byte y_emp_low     = (employed == 1 & income_category_worker == 1)

. gen byte y_emp_med     = (employed == 1 & income_category_worker == 2)

. gen byte y_emp_high    = (employed == 1 & income_category_worker == 3)

. gen byte y_emp_unknown = (employed == 1 & missing(income_category_worker))

. 
. label var y_emp_low     "Pr(emp ∧ low avg)"

. label var y_emp_med     "Pr(emp ∧ med avg)"

. label var y_emp_high    "Pr(emp ∧ high avg)"

. label var y_emp_unknown "Pr(emp ∧ unknown avg)"

. 
. *--- Labels ---*
. label define trt 0 "Control" 1 "Molise"

. label values treat_quake trt

. 
. 
. *============================*
. *  BASELINE TRAJECTORY PLOTS *
. *============================*
. 
. *--- Overall: Employment and Earnings (Δ vs 2001) ---*
. preserve

. keep year treat_quake employed wage

. drop if missing(year) | missing(treat_quake)
(0 observations deleted)

. collapse (mean) mean_emp=employed mean_earn=wage, by(treat_quake year)

. 
. * Use 2000 as baseline (first year of analysis window)
. bys treat_quake: egen base_emp  = total(mean_emp  * (year==2000))

. bys treat_quake: egen base_earn = total(mean_earn * (year==2000))

. 
. gen mean_emp_rel  = mean_emp  - base_emp

. gen mean_earn_rel = mean_earn - base_earn

. 
. twoway ///
>  (line mean_emp_rel year if treat_quake==0, lcolor(blue) m(o)) ///
>  (line mean_emp_rel year if treat_quake==1, lcolor(red) m(o)), ///
>  ytitle("Employment (Δ vs 2000)") xtitle("Year") ///
>  xline(2002.8, lpattern(dash) lcolor(black)) ///  // Earthquake was Oct 2002
>  legend(order(1 "Control" 2 "Molise") pos(6) rows(1)) ///
>  title("Difference-index trajectories: Employment") ///
>  xlabel(2000(1)2004) ///
>  name(g_emp, replace)

. 
. graph export "$OUT/traj_overall_emp_earn.png", replace
file /Users/vittoriogaravelli/GitHub/GitHub/ERMDA-30464_GP/output/traj_overall_emp_earn.png saved as PNG format

. restore

. 
. *--- By employment type: Private/Public/Self (Δ vs 2001) ---*
. foreach k in 1 2 3 {
  2.     if `k'==1 local kname "private"
  3.     if `k'==2 local kname "public"
  4.     if `k'==3 local kname "self"
  5.     
.     preserve
  6.     keep year treat_quake wage type
  7.     drop if missing(year) | missing(treat_quake)
  8.     gen emp_`kname' = (type==`k')
  9.     gen wage_`kname' = wage if type==`k'
 10.     collapse (mean) mean_emp=emp_`kname' mean_earn=wage_`kname', by(treat_quake year)
 11.     bys treat_quake: egen base_emp  = total(mean_emp  * (year==2001))
 12.     bys treat_quake: egen base_earn = total(mean_earn * (year==2001))
 13.     gen mean_emp_rel  = mean_emp  - base_emp
 14.     gen mean_earn_rel = mean_earn - base_earn
 15.     local K = proper("`kname'")
 16.     
.     #delimit ;
delimiter now ;
.     twoway (line mean_emp_rel year if treat_quake==0, msymbol(o))
>            (line mean_emp_rel year if treat_quake==1, msymbol(o)),
>            ytitle("Employment (Δ vs 2001)") xtitle("Year")
>            xline(2002, lpattern(dash))
>            legend(order(1 "Control" 2 "Molise"))
>            title("Difference-index trajectories: Employment (`K')")
>            name("g_emp_`kname'", replace) ;
 17.     twoway (line mean_earn_rel year if treat_quake==0, msymbol(o))
>            (line mean_earn_rel year if treat_quake==1, msymbol(o)),
>            ytitle("Earnings (Δ vs 2001)") xtitle("Year")
>            xline(2002, lpattern(dash))
>            legend(order(1 "Control" 2 "Molise"))
>            title("Difference-index trajectories: Earnings (`K')")
>            name("g_earn_`kname'", replace) ;
 18.     graph combine g_emp_`kname' g_earn_`kname', rows(2) imargin(tiny) ;
 19.     graph export "$OUT/traj_`kname'_emp_earn.png", replace ;
 20.     #delimit cr
delimiter now cr
.     restore
 21. }
(0 observations deleted)
(28,267 missing values generated)
file /Users/vittoriogaravelli/GitHub/GitHub/ERMDA-30464_GP/output/traj_private_emp_earn.png saved as PNG format
(0 observations deleted)
(65,103 missing values generated)
file /Users/vittoriogaravelli/GitHub/GitHub/ERMDA-30464_GP/output/traj_public_emp_earn.png saved as PNG format
(0 observations deleted)
(66,816 missing values generated)
file /Users/vittoriogaravelli/GitHub/GitHub/ERMDA-30464_GP/output/traj_self_emp_earn.png saved as PNG format

. 
. *============================*
. *    REGRESSION ANALYSES     *
. *============================*
. local outcomes employed wage lnwage

. local absorb_spec absorb(year region_res) vce(cluster id_worker)

. 
. // (A) Region-based DiD
. foreach y of local outcomes {
  2.     qui count if !missing(`y')
  3.     if r(N) > 0 {
  4.         eststo A_`y': reghdfe `y' i.post_quake##i.treat_quake, `absorb_spec'
  5.         estadd local model "A: Region DiD", replace
  6.         estadd local depvar "`y'", replace
  7.     }
  8. }
(MWFE estimator converged in 3 iterations)
note: 1bn.post_quake is probably collinear with the fixed effects (all partialled-out values are close to zero; tol = 1.0e-09)
note: 1bn.treat_quake is probably collinear with the fixed effects (all partialled-out values are close to zero; tol = 1.0e-09)

HDFE Linear regression                            Number of obs   =     74,130
Absorbing 2 HDFE groups                           F(   1,  15195) =       0.99
Statistics robust to heteroskedasticity           Prob > F        =     0.3187
                                                  R-squared       =     0.0046
                                                  Adj R-squared   =     0.0045
                                                  Within R-sq.    =     0.0000
Number of clusters (id_worker) =     15,196       Root MSE        =     0.3666

                                   (Std. err. adjusted for 15,196 clusters in id_worker)
----------------------------------------------------------------------------------------
                       |               Robust
              employed | Coefficient  std. err.      t    P>|t|     [95% conf. interval]
-----------------------+----------------------------------------------------------------
          1.post_quake |          0  (omitted)
                       |
           treat_quake |
               Molise  |          0  (omitted)
                       |
post_quake#treat_quake |
             1#Molise  |  -.0050514   .0050663    -1.00   0.319    -.0149819     .004879
                       |
                 _cons |   .8398221   .0022739   369.33   0.000      .835365    .8442793
----------------------------------------------------------------------------------------

Absorbed degrees of freedom:
-----------------------------------------------------+
 Absorbed FE | Categories  - Redundant  = Num. Coefs |
-------------+---------------------------------------|
        year |         5           0           5     |
  region_res |         2           1           1     |
-----------------------------------------------------+

added macro:
              e(model) : "A: Region DiD"

added macro:
             e(depvar) : "employed"
(MWFE estimator converged in 3 iterations)
note: 1bn.post_quake is probably collinear with the fixed effects (all partialled-out values are close to zero; tol = 1.0e-09)
note: 1bn.treat_quake is probably collinear with the fixed effects (all partialled-out values are close to zero; tol = 1.0e-09)

HDFE Linear regression                            Number of obs   =     62,204
Absorbing 2 HDFE groups                           F(   1,  14739) =       1.30
Statistics robust to heteroskedasticity           Prob > F        =     0.2539
                                                  R-squared       =     0.0104
                                                  Adj R-squared   =     0.0103
                                                  Within R-sq.    =     0.0000
Number of clusters (id_worker) =     14,740       Root MSE        = 11532.9151

                                   (Std. err. adjusted for 14,740 clusters in id_worker)
----------------------------------------------------------------------------------------
                       |               Robust
                  wage | Coefficient  std. err.      t    P>|t|     [95% conf. interval]
-----------------------+----------------------------------------------------------------
          1.post_quake |          0  (omitted)
                       |
           treat_quake |
               Molise  |          0  (omitted)
                       |
post_quake#treat_quake |
             1#Molise  |   133.0462   116.6071     1.14   0.254    -95.51839    361.6108
                       |
                 _cons |   15519.32   93.46347   166.05   0.000     15336.12    15702.52
----------------------------------------------------------------------------------------

Absorbed degrees of freedom:
-----------------------------------------------------+
 Absorbed FE | Categories  - Redundant  = Num. Coefs |
-------------+---------------------------------------|
        year |         5           0           5     |
  region_res |         2           1           1     |
-----------------------------------------------------+

added macro:
              e(model) : "A: Region DiD"

added macro:
             e(depvar) : "wage"
(MWFE estimator converged in 3 iterations)
note: 1bn.post_quake is probably collinear with the fixed effects (all partialled-out values are close to zero; tol = 1.0e-09)
note: 1bn.treat_quake is probably collinear with the fixed effects (all partialled-out values are close to zero; tol = 1.0e-09)

HDFE Linear regression                            Number of obs   =     62,204
Absorbing 2 HDFE groups                           F(   1,  14739) =       0.53
Statistics robust to heteroskedasticity           Prob > F        =     0.4673
                                                  R-squared       =     0.0112
                                                  Adj R-squared   =     0.0111
                                                  Within R-sq.    =     0.0000
Number of clusters (id_worker) =     14,740       Root MSE        =     1.0454

                                   (Std. err. adjusted for 14,740 clusters in id_worker)
----------------------------------------------------------------------------------------
                       |               Robust
                lnwage | Coefficient  std. err.      t    P>|t|     [95% conf. interval]
-----------------------+----------------------------------------------------------------
          1.post_quake |          0  (omitted)
                       |
           treat_quake |
               Molise  |          0  (omitted)
                       |
post_quake#treat_quake |
             1#Molise  |  -.0104292    .014348    -0.73   0.467    -.0385531    .0176947
                       |
                 _cons |   9.314513   .0071414  1304.30   0.000     9.300515    9.328511
----------------------------------------------------------------------------------------

Absorbed degrees of freedom:
-----------------------------------------------------+
 Absorbed FE | Categories  - Redundant  = Num. Coefs |
-------------+---------------------------------------|
        year |         5           0           5     |
  region_res |         2           1           1     |
-----------------------------------------------------+

added macro:
              e(model) : "A: Region DiD"

added macro:
             e(depvar) : "lnwage"

. 
. // (B) Employment type LPM DiD
. foreach y in y_private y_public y_self {
  2.     eststo B_`y': reghdfe `y' i.treat_quake##i.post_quake, `absorb_spec'
  3.     estadd local model "B: Type-specific LPM DiD", replace
  4.     estadd local depvar "`y'", replace
  5.     
.     qui margins treat_quake#post_quake
  6.     qui lincom 1.treat_quake#1.post_quake
  7. }
(MWFE estimator converged in 3 iterations)
note: 1bn.treat_quake is probably collinear with the fixed effects (all partialled-out values are close to zero; tol = 1.0e-09)
note: 1bn.post_quake is probably collinear with the fixed effects (all partialled-out values are close to zero; tol = 1.0e-09)

HDFE Linear regression                            Number of obs   =     74,130
Absorbing 2 HDFE groups                           F(   1,  15195) =       1.32
Statistics robust to heteroskedasticity           Prob > F        =     0.2508
                                                  R-squared       =     0.0034
                                                  Adj R-squared   =     0.0034
                                                  Within R-sq.    =     0.0000
Number of clusters (id_worker) =     15,196       Root MSE        =     0.4849

                                   (Std. err. adjusted for 15,196 clusters in id_worker)
----------------------------------------------------------------------------------------
                       |               Robust
             y_private | Coefficient  std. err.      t    P>|t|     [95% conf. interval]
-----------------------+----------------------------------------------------------------
           treat_quake |
               Molise  |          0  (omitted)
          1.post_quake |          0  (omitted)
                       |
treat_quake#post_quake |
             Molise#1  |  -.0060373   .0052569    -1.15   0.251    -.0163414    .0042669
                       |
                 _cons |    .619522   .0034715   178.46   0.000     .6127175    .6263265
----------------------------------------------------------------------------------------

Absorbed degrees of freedom:
-----------------------------------------------------+
 Absorbed FE | Categories  - Redundant  = Num. Coefs |
-------------+---------------------------------------|
        year |         5           0           5     |
  region_res |         2           1           1     |
-----------------------------------------------------+

added macro:
              e(model) : "B: Type-specific LPM DiD"

added macro:
             e(depvar) : "y_private"
(MWFE estimator converged in 3 iterations)
note: 1bn.treat_quake is probably collinear with the fixed effects (all partialled-out values are close to zero; tol = 1.0e-09)
note: 1bn.post_quake is probably collinear with the fixed effects (all partialled-out values are close to zero; tol = 1.0e-09)

HDFE Linear regression                            Number of obs   =     74,130
Absorbing 2 HDFE groups                           F(   1,  15195) =       1.89
Statistics robust to heteroskedasticity           Prob > F        =     0.1695
                                                  R-squared       =     0.0001
                                                  Adj R-squared   =     0.0001
                                                  Within R-sq.    =     0.0000
Number of clusters (id_worker) =     15,196       Root MSE        =     0.3270

                                   (Std. err. adjusted for 15,196 clusters in id_worker)
----------------------------------------------------------------------------------------
                       |               Robust
              y_public | Coefficient  std. err.      t    P>|t|     [95% conf. interval]
-----------------------+----------------------------------------------------------------
           treat_quake |
               Molise  |          0  (omitted)
          1.post_quake |          0  (omitted)
                       |
treat_quake#post_quake |
             Molise#1  |   .0025072   .0018251     1.37   0.170    -.0010702    .0060846
                       |
                 _cons |   .1214243   .0025964    46.77   0.000      .116335    .1265136
----------------------------------------------------------------------------------------

Absorbed degrees of freedom:
-----------------------------------------------------+
 Absorbed FE | Categories  - Redundant  = Num. Coefs |
-------------+---------------------------------------|
        year |         5           0           5     |
  region_res |         2           1           1     |
-----------------------------------------------------+

added macro:
              e(model) : "B: Type-specific LPM DiD"

added macro:
             e(depvar) : "y_public"
(MWFE estimator converged in 3 iterations)
note: 1bn.treat_quake is probably collinear with the fixed effects (all partialled-out values are close to zero; tol = 1.0e-09)
note: 1bn.post_quake is probably collinear with the fixed effects (all partialled-out values are close to zero; tol = 1.0e-09)

HDFE Linear regression                            Number of obs   =     74,130
Absorbing 2 HDFE groups                           F(   1,  15195) =       0.22
Statistics robust to heteroskedasticity           Prob > F        =     0.6402
                                                  R-squared       =     0.0009
                                                  Adj R-squared   =     0.0009
                                                  Within R-sq.    =     0.0000
Number of clusters (id_worker) =     15,196       Root MSE        =     0.2981

                                   (Std. err. adjusted for 15,196 clusters in id_worker)
----------------------------------------------------------------------------------------
                       |               Robust
                y_self | Coefficient  std. err.      t    P>|t|     [95% conf. interval]
-----------------------+----------------------------------------------------------------
           treat_quake |
               Molise  |          0  (omitted)
          1.post_quake |          0  (omitted)
                       |
treat_quake#post_quake |
             Molise#1  |  -.0015214   .0032547    -0.47   0.640     -.007901    .0048582
                       |
                 _cons |   .0988758   .0022194    44.55   0.000     .0945256    .1032261
----------------------------------------------------------------------------------------

Absorbed degrees of freedom:
-----------------------------------------------------+
 Absorbed FE | Categories  - Redundant  = Num. Coefs |
-------------+---------------------------------------|
        year |         5           0           5     |
  region_res |         2           1           1     |
-----------------------------------------------------+

added macro:
              e(model) : "B: Type-specific LPM DiD"

added macro:
             e(depvar) : "y_self"

. 
. // (D) Baseline income heterogeneity
. eststo D_pooled: reghdfe employed i.treat_quake##i.post_quake##i.base_inc4, `absorb_spec'
(MWFE estimator converged in 3 iterations)
note: 1bn.treat_quake is probably collinear with the fixed effects (all partialled-out values are close to zero; tol = 1.0e-09)
note: 1bn.post_quake is probably collinear with the fixed effects (all partialled-out values are close to zero; tol = 1.0e-09)

HDFE Linear regression                            Number of obs   =     74,130
Absorbing 2 HDFE groups                           F(  13,  15195) =    1203.30
Statistics robust to heteroskedasticity           Prob > F        =     0.0000
                                                  R-squared       =     0.3426
                                                  Adj R-squared   =     0.3424
                                                  Within R-sq.    =     0.3395
Number of clusters (id_worker) =     15,196       Root MSE        =     0.2979

                                             (Std. err. adjusted for 15,196 clusters in id_worker)
--------------------------------------------------------------------------------------------------
                                 |               Robust
                        employed | Coefficient  std. err.      t    P>|t|     [95% conf. interval]
---------------------------------+----------------------------------------------------------------
                     treat_quake |
                         Molise  |          0  (omitted)
                    1.post_quake |          0  (omitted)
                                 |
          treat_quake#post_quake |
                       Molise#1  |  -.0026283   .0051589    -0.51   0.610    -.0127403    .0074838
                                 |
                       base_inc4 |
                      Med (pre)  |   .0492218   .0035899    13.71   0.000     .0421851    .0562584
                     High (pre)  |   .0432124   .0066716     6.48   0.000     .0301353    .0562895
                  Unknown (pre)  |  -.5708599   .0064581   -88.39   0.000    -.5835186   -.5582012
                                 |
           treat_quake#base_inc4 |
               Molise#Med (pre)  |  -.0090147   .0060017    -1.50   0.133    -.0207788    .0027493
              Molise#High (pre)  |  -.0033897   .0108759    -0.31   0.755    -.0247078    .0179283
           Molise#Unknown (pre)  |   .0067421    .010975     0.61   0.539    -.0147702    .0282545
                                 |
            post_quake#base_inc4 |
                    1#Med (pre)  |   .0254299   .0067205     3.78   0.000     .0122569    .0386029
                   1#High (pre)  |   .0015272   .0157718     0.10   0.923    -.0293875    .0324419
                1#Unknown (pre)  |  -.0294876   .0118703    -2.48   0.013    -.0527547   -.0062204
                                 |
treat_quake#post_quake#base_inc4 |
             Molise#1#Med (pre)  |  -.0031016   .0112877    -0.27   0.783     -.025227    .0190237
            Molise#1#High (pre)  |   .0255971   .0197958     1.29   0.196    -.0132051    .0643993
         Molise#1#Unknown (pre)  |    -.02026   .0197643    -1.03   0.305    -.0590004    .0184805
                                 |
                           _cons |   .9267174   .0015091   614.08   0.000     .9237593    .9296754
--------------------------------------------------------------------------------------------------

Absorbed degrees of freedom:
-----------------------------------------------------+
 Absorbed FE | Categories  - Redundant  = Num. Coefs |
-------------+---------------------------------------|
        year |         5           0           5     |
  region_res |         2           1           1     |
-----------------------------------------------------+

. estadd local model "D: Baseline income DDD", replace

added macro:
              e(model) : "D: Baseline income DDD"

. estadd local depvar "employed", replace

added macro:
             e(depvar) : "employed"

. 
. forvalues c = 1/3 {
  2.     eststo D_bin`c': reghdfe employed i.treat_quake##i.post_quake if base_inc == `c', `absorb_spec'
  3.     estadd local model "D: DiD within baseline bin `c'", replace
  4.     estadd local depvar "employed", replace
  5.     
.     qui margins treat_quake#post_quake
  6.     qui lincom 1.treat_quake#1.post_quake
  7. }
(MWFE estimator converged in 3 iterations)
note: 1bn.treat_quake is probably collinear with the fixed effects (all partialled-out values are close to zero; tol = 1.0e-09)
note: 1bn.post_quake is probably collinear with the fixed effects (all partialled-out values are close to zero; tol = 1.0e-09)

HDFE Linear regression                            Number of obs   =     57,429
Absorbing 2 HDFE groups                           F(   1,  11730) =       0.27
Statistics robust to heteroskedasticity           Prob > F        =     0.6049
                                                  R-squared       =     0.0336
                                                  Adj R-squared   =     0.0335
                                                  Within R-sq.    =     0.0000
Number of clusters (id_worker) =     11,731       Root MSE        =     0.2569

                                   (Std. err. adjusted for 11,731 clusters in id_worker)
----------------------------------------------------------------------------------------
                       |               Robust
              employed | Coefficient  std. err.      t    P>|t|     [95% conf. interval]
-----------------------+----------------------------------------------------------------
           treat_quake |
               Molise  |          0  (omitted)
          1.post_quake |          0  (omitted)
                       |
treat_quake#post_quake |
             Molise#1  |  -.0026692   .0051595    -0.52   0.605    -.0127828    .0074443
                       |
                 _cons |   .9266604   .0015101   613.62   0.000     .9237003    .9296205
----------------------------------------------------------------------------------------

Absorbed degrees of freedom:
-----------------------------------------------------+
 Absorbed FE | Categories  - Redundant  = Num. Coefs |
-------------+---------------------------------------|
        year |         5           0           5     |
  region_res |         2           1           1     |
-----------------------------------------------------+

added macro:
              e(model) : "D: DiD within baseline bin 1"

added macro:
             e(depvar) : "employed"
(MWFE estimator converged in 3 iterations)
note: 1bn.treat_quake is probably collinear with the fixed effects (all partialled-out values are close to zero; tol = 1.0e-09)
note: 1bn.post_quake is probably collinear with the fixed effects (all partialled-out values are close to zero; tol = 1.0e-09)

HDFE Linear regression                            Number of obs   =      4,039
Absorbing 2 HDFE groups                           F(   1,    818) =       0.33
Statistics robust to heteroskedasticity           Prob > F        =     0.5682
                                                  R-squared       =     0.0112
                                                  Adj R-squared   =     0.0097
                                                  Within R-sq.    =     0.0001
Number of clusters (id_worker) =        819       Root MSE        =     0.1335

                                      (Std. err. adjusted for 819 clusters in id_worker)
----------------------------------------------------------------------------------------
                       |               Robust
              employed | Coefficient  std. err.      t    P>|t|     [95% conf. interval]
-----------------------+----------------------------------------------------------------
           treat_quake |
               Molise  |          0  (omitted)
          1.post_quake |          0  (omitted)
                       |
treat_quake#post_quake |
             Molise#1  |  -.0057394   .0100528    -0.57   0.568    -.0254717     .013993
                       |
                 _cons |   .9825724   .0027767   353.87   0.000     .9771222    .9880227
----------------------------------------------------------------------------------------

Absorbed degrees of freedom:
-----------------------------------------------------+
 Absorbed FE | Categories  - Redundant  = Num. Coefs |
-------------+---------------------------------------|
        year |         5           0           5     |
  region_res |         2           1           1     |
-----------------------------------------------------+

added macro:
              e(model) : "D: DiD within baseline bin 2"

added macro:
             e(depvar) : "employed"
(MWFE estimator converged in 3 iterations)
note: 1bn.treat_quake is probably collinear with the fixed effects (all partialled-out values are close to zero; tol = 1.0e-09)
note: 1bn.post_quake is probably collinear with the fixed effects (all partialled-out values are close to zero; tol = 1.0e-09)

HDFE Linear regression                            Number of obs   =      1,093
Absorbing 2 HDFE groups                           F(   1,    220) =       1.43
Statistics robust to heteroskedasticity           Prob > F        =     0.2336
                                                  R-squared       =     0.0124
                                                  Adj R-squared   =     0.0069
                                                  Within R-sq.    =     0.0011
Number of clusters (id_worker) =        221       Root MSE        =     0.1629

                                      (Std. err. adjusted for 221 clusters in id_worker)
----------------------------------------------------------------------------------------
                       |               Robust
              employed | Coefficient  std. err.      t    P>|t|     [95% conf. interval]
-----------------------+----------------------------------------------------------------
           treat_quake |
               Molise  |          0  (omitted)
          1.post_quake |          0  (omitted)
                       |
treat_quake#post_quake |
             Molise#1  |   .0228878    .019163     1.19   0.234    -.0148788    .0606544
                       |
                 _cons |   .9693069   .0069048   140.38   0.000     .9556989    .9829148
----------------------------------------------------------------------------------------

Absorbed degrees of freedom:
-----------------------------------------------------+
 Absorbed FE | Categories  - Redundant  = Num. Coefs |
-------------+---------------------------------------|
        year |         5           0           5     |
  region_res |         2           1           1     |
-----------------------------------------------------+

added macro:
              e(model) : "D: DiD within baseline bin 3"

added macro:
             e(depvar) : "employed"

. 
. // (E) Joint outcomes DiD (using WORKER AVG income category)
. foreach y in y_emp_low y_emp_med y_emp_high y_emp_unknown {
  2.     eststo E_`y': reghdfe `y' i.treat_quake##i.post_quake, `absorb_spec'
  3.     estadd local model "E: Joint outcome DiD", replace
  4.     estadd local depvar "`y'", replace
  5.     
.     qui margins treat_quake#post_quake
  6.     qui lincom 1.treat_quake#1.post_quake
  7. }
(MWFE estimator converged in 3 iterations)
note: 1bn.treat_quake is probably collinear with the fixed effects (all partialled-out values are close to zero; tol = 1.0e-09)
note: 1bn.post_quake is probably collinear with the fixed effects (all partialled-out values are close to zero; tol = 1.0e-09)

HDFE Linear regression                            Number of obs   =     74,130
Absorbing 2 HDFE groups                           F(   1,  15195) =       1.17
Statistics robust to heteroskedasticity           Prob > F        =     0.2788
                                                  R-squared       =     0.0036
                                                  Adj R-squared   =     0.0035
                                                  Within R-sq.    =     0.0000
Number of clusters (id_worker) =     15,196       Root MSE        =     0.4166

                                   (Std. err. adjusted for 15,196 clusters in id_worker)
----------------------------------------------------------------------------------------
                       |               Robust
             y_emp_low | Coefficient  std. err.      t    P>|t|     [95% conf. interval]
-----------------------+----------------------------------------------------------------
           treat_quake |
               Molise  |          0  (omitted)
          1.post_quake |          0  (omitted)
                       |
treat_quake#post_quake |
             Molise#1  |  -.0054586   .0050402    -1.08   0.279     -.015338    .0044208
                       |
                 _cons |   .7761393    .002807   276.50   0.000     .7706372    .7816414
----------------------------------------------------------------------------------------

Absorbed degrees of freedom:
-----------------------------------------------------+
 Absorbed FE | Categories  - Redundant  = Num. Coefs |
-------------+---------------------------------------|
        year |         5           0           5     |
  region_res |         2           1           1     |
-----------------------------------------------------+

added macro:
              e(model) : "E: Joint outcome DiD"

added macro:
             e(depvar) : "y_emp_low"
(MWFE estimator converged in 3 iterations)
note: 1bn.treat_quake is probably collinear with the fixed effects (all partialled-out values are close to zero; tol = 1.0e-09)
note: 1bn.post_quake is probably collinear with the fixed effects (all partialled-out values are close to zero; tol = 1.0e-09)

HDFE Linear regression                            Number of obs   =     74,130
Absorbing 2 HDFE groups                           F(   1,  15195) =       0.11
Statistics robust to heteroskedasticity           Prob > F        =     0.7398
                                                  R-squared       =     0.0004
                                                  Adj R-squared   =     0.0004
                                                  Within R-sq.    =     0.0000
Number of clusters (id_worker) =     15,196       Root MSE        =     0.2179

                                   (Std. err. adjusted for 15,196 clusters in id_worker)
----------------------------------------------------------------------------------------
                       |               Robust
             y_emp_med | Coefficient  std. err.      t    P>|t|     [95% conf. interval]
-----------------------+----------------------------------------------------------------
           treat_quake |
               Molise  |          0  (omitted)
          1.post_quake |          0  (omitted)
                       |
treat_quake#post_quake |
             Molise#1  |   .0002694    .000811     0.33   0.740    -.0013202     .001859
                       |
                 _cons |   .0499423   .0017674    28.26   0.000      .046478    .0534067
----------------------------------------------------------------------------------------

Absorbed degrees of freedom:
-----------------------------------------------------+
 Absorbed FE | Categories  - Redundant  = Num. Coefs |
-------------+---------------------------------------|
        year |         5           0           5     |
  region_res |         2           1           1     |
-----------------------------------------------------+

added macro:
              e(model) : "E: Joint outcome DiD"

added macro:
             e(depvar) : "y_emp_med"
(MWFE estimator converged in 3 iterations)
note: 1bn.treat_quake is probably collinear with the fixed effects (all partialled-out values are close to zero; tol = 1.0e-09)
note: 1bn.post_quake is probably collinear with the fixed effects (all partialled-out values are close to zero; tol = 1.0e-09)

HDFE Linear regression                            Number of obs   =     74,130
Absorbing 2 HDFE groups                           F(   1,  15195) =       0.11
Statistics robust to heteroskedasticity           Prob > F        =     0.7395
                                                  R-squared       =     0.0000
                                                  Adj R-squared   =    -0.0001
                                                  Within R-sq.    =     0.0000
Number of clusters (id_worker) =     15,196       Root MSE        =     0.1165

                                   (Std. err. adjusted for 15,196 clusters in id_worker)
----------------------------------------------------------------------------------------
                       |               Robust
            y_emp_high | Coefficient  std. err.      t    P>|t|     [95% conf. interval]
-----------------------+----------------------------------------------------------------
           treat_quake |
               Molise  |          0  (omitted)
          1.post_quake |          0  (omitted)
                       |
treat_quake#post_quake |
             Molise#1  |   .0001378   .0004144     0.33   0.740    -.0006744      .00095
                       |
                 _cons |   .0137405    .000941    14.60   0.000     .0118959     .015585
----------------------------------------------------------------------------------------

Absorbed degrees of freedom:
-----------------------------------------------------+
 Absorbed FE | Categories  - Redundant  = Num. Coefs |
-------------+---------------------------------------|
        year |         5           0           5     |
  region_res |         2           1           1     |
-----------------------------------------------------+

added macro:
              e(model) : "E: Joint outcome DiD"

added macro:
             e(depvar) : "y_emp_high"
(MWFE estimator converged in 3 iterations)
note: 1bn.treat_quake is probably collinear with the fixed effects (all partialled-out values are close to zero; tol = 1.0e-09)
note: 1bn.post_quake is probably collinear with the fixed effects (all partialled-out values are close to zero; tol = 1.0e-09)
warning: missing F statistic; dropped variables due to collinearity or too few clusters

HDFE Linear regression                            Number of obs   =     74,130
Absorbing 2 HDFE groups                           F(   1,  15195) =          .
Statistics robust to heteroskedasticity           Prob > F        =          .
                                                  Root MSE        =     0.0000
Number of clusters (id_worker) =     15,196

                                   (Std. err. adjusted for 15,196 clusters in id_worker)
----------------------------------------------------------------------------------------
                       |               Robust
         y_emp_unknown | Coefficient  std. err.      t    P>|t|     [95% conf. interval]
-----------------------+----------------------------------------------------------------
           treat_quake |
               Molise  |          0  (omitted)
          1.post_quake |          0  (omitted)
                       |
treat_quake#post_quake |
             Molise#1  |          0  (omitted)
                       |
                 _cons |          0  (omitted)
----------------------------------------------------------------------------------------

Absorbed degrees of freedom:
-----------------------------------------------------+
 Absorbed FE | Categories  - Redundant  = Num. Coefs |
-------------+---------------------------------------|
        year |         5           0           5     |
  region_res |         2           1           1     |
-----------------------------------------------------+

added macro:
              e(model) : "E: Joint outcome DiD"

added macro:
             e(depvar) : "y_emp_unknown"

. 
. // (F) Age heterogeneity (DDD: treat × post × age_group)
. eststo F_pooled: reghdfe employed i.treat_quake##i.post_quake##i.age_group, `absorb_spec'
(MWFE estimator converged in 3 iterations)
note: 1bn.treat_quake is probably collinear with the fixed effects (all partialled-out values are close to zero; tol = 1.0e-09)
note: 1bn.post_quake is probably collinear with the fixed effects (all partialled-out values are close to zero; tol = 1.0e-09)

HDFE Linear regression                            Number of obs   =     74,130
Absorbing 2 HDFE groups                           F(   9,  15195) =      45.94
Statistics robust to heteroskedasticity           Prob > F        =     0.0000
                                                  R-squared       =     0.0167
                                                  Adj R-squared   =     0.0165
                                                  Within R-sq.    =     0.0121
Number of clusters (id_worker) =     15,196       Root MSE        =     0.3644

                                             (Std. err. adjusted for 15,196 clusters in id_worker)
--------------------------------------------------------------------------------------------------
                                 |               Robust
                        employed | Coefficient  std. err.      t    P>|t|     [95% conf. interval]
---------------------------------+----------------------------------------------------------------
                     treat_quake |
                         Molise  |          0  (omitted)
                    1.post_quake |          0  (omitted)
                                 |
          treat_quake#post_quake |
                       Molise#1  |   .0011671   .0098844     0.12   0.906    -.0182075    .0205417
                                 |
                       age_group |
                          35-55  |   .0763672   .0053843    14.18   0.000     .0658135     .086921
                            ≥56  |  -.0076516   .0144845    -0.53   0.597    -.0360431    .0207398
                                 |
           treat_quake#age_group |
                   Molise#35-55  |   .0024166   .0089989     0.27   0.788    -.0152224    .0200556
                     Molise#≥56  |    .018762   .0225827     0.83   0.406    -.0255029    .0630268
                                 |
            post_quake#age_group |
                        1#35-55  |   .0087459   .0071217     1.23   0.219    -.0052135    .0227053
                          1#≥56  |  -.0381286   .0170624    -2.23   0.025    -.0715729   -.0046842
                                 |
treat_quake#post_quake#age_group |
                 Molise#1#35-55  |  -.0140761   .0119558    -1.18   0.239    -.0375108    .0093587
                   Molise#1#≥56  |   .0192668   .0286151     0.67   0.501    -.0368223    .0753559
                                 |
                           _cons |   .7960441   .0038186   208.47   0.000     .7885593     .803529
--------------------------------------------------------------------------------------------------

Absorbed degrees of freedom:
-----------------------------------------------------+
 Absorbed FE | Categories  - Redundant  = Num. Coefs |
-------------+---------------------------------------|
        year |         5           0           5     |
  region_res |         2           1           1     |
-----------------------------------------------------+

. estadd local model "F: Age heterogeneity DDD", replace

added macro:
              e(model) : "F: Age heterogeneity DDD"

. estadd local depvar "employed", replace

added macro:
             e(depvar) : "employed"

. 
. forvalues a = 1/3 {
  2.     eststo F_age`a': reghdfe employed i.treat_quake##i.post_quake if age_group == `a', `absorb_spec'
  3.     estadd local model "F: DiD within age group `a'", replace
  4.     estadd local depvar "employed", replace
  5.     
.     qui margins treat_quake#post_quake
  6.     qui lincom 1.treat_quake#1.post_quake
  7. }
(MWFE estimator converged in 3 iterations)
note: 1bn.treat_quake is probably collinear with the fixed effects (all partialled-out values are close to zero; tol = 1.0e-09)
note: 1bn.post_quake is probably collinear with the fixed effects (all partialled-out values are close to zero; tol = 1.0e-09)

HDFE Linear regression                            Number of obs   =     29,241
Absorbing 2 HDFE groups                           F(   1,   6909) =       0.01
Statistics robust to heteroskedasticity           Prob > F        =     0.9115
                                                  R-squared       =     0.0064
                                                  Adj R-squared   =     0.0062
                                                  Within R-sq.    =     0.0000
Number of clusters (id_worker) =      6,910       Root MSE        =     0.4002

                                    (Std. err. adjusted for 6,910 clusters in id_worker)
----------------------------------------------------------------------------------------
                       |               Robust
              employed | Coefficient  std. err.      t    P>|t|     [95% conf. interval]
-----------------------+----------------------------------------------------------------
           treat_quake |
               Molise  |          0  (omitted)
          1.post_quake |          0  (omitted)
                       |
treat_quake#post_quake |
             Molise#1  |   .0010994    .009886     0.11   0.911    -.0182801    .0204789
                       |
                 _cons |   .7979259   .0036927   216.08   0.000     .7906871    .8051647
----------------------------------------------------------------------------------------

Absorbed degrees of freedom:
-----------------------------------------------------+
 Absorbed FE | Categories  - Redundant  = Num. Coefs |
-------------+---------------------------------------|
        year |         5           0           5     |
  region_res |         2           1           1     |
-----------------------------------------------------+

added macro:
              e(model) : "F: DiD within age group 1"

added macro:
             e(depvar) : "employed"
(MWFE estimator converged in 3 iterations)
note: 1bn.treat_quake is probably collinear with the fixed effects (all partialled-out values are close to zero; tol = 1.0e-09)
note: 1bn.post_quake is probably collinear with the fixed effects (all partialled-out values are close to zero; tol = 1.0e-09)

HDFE Linear regression                            Number of obs   =     41,070
Absorbing 2 HDFE groups                           F(   1,   9671) =       4.34
Statistics robust to heteroskedasticity           Prob > F        =     0.0374
                                                  R-squared       =     0.0046
                                                  Adj R-squared   =     0.0045
                                                  Within R-sq.    =     0.0001
Number of clusters (id_worker) =      9,672       Root MSE        =     0.3312

                                    (Std. err. adjusted for 9,672 clusters in id_worker)
----------------------------------------------------------------------------------------
                       |               Robust
              employed | Coefficient  std. err.      t    P>|t|     [95% conf. interval]
-----------------------+----------------------------------------------------------------
           treat_quake |
               Molise  |          0  (omitted)
          1.post_quake |          0  (omitted)
                       |
treat_quake#post_quake |
             Molise#1  |  -.0129217   .0062061    -2.08   0.037     -.025087   -.0007564
                       |
                 _cons |   .8758519   .0027839   314.61   0.000     .8703948     .881309
----------------------------------------------------------------------------------------

Absorbed degrees of freedom:
-----------------------------------------------------+
 Absorbed FE | Categories  - Redundant  = Num. Coefs |
-------------+---------------------------------------|
        year |         5           0           5     |
  region_res |         2           1           1     |
-----------------------------------------------------+

added macro:
              e(model) : "F: DiD within age group 2"

added macro:
             e(depvar) : "employed"
(MWFE estimator converged in 3 iterations)
note: 1bn.treat_quake is probably collinear with the fixed effects (all partialled-out values are close to zero; tol = 1.0e-09)
note: 1bn.post_quake is probably collinear with the fixed effects (all partialled-out values are close to zero; tol = 1.0e-09)

HDFE Linear regression                            Number of obs   =      3,819
Absorbing 2 HDFE groups                           F(   1,   1343) =       0.52
Statistics robust to heteroskedasticity           Prob > F        =     0.4701
                                                  R-squared       =     0.0130
                                                  Adj R-squared   =     0.0115
                                                  Within R-sq.    =     0.0001
Number of clusters (id_worker) =      1,344       Root MSE        =     0.4124

                                    (Std. err. adjusted for 1,344 clusters in id_worker)
----------------------------------------------------------------------------------------
                       |               Robust
              employed | Coefficient  std. err.      t    P>|t|     [95% conf. interval]
-----------------------+----------------------------------------------------------------
           treat_quake |
               Molise  |          0  (omitted)
          1.post_quake |          0  (omitted)
                       |
treat_quake#post_quake |
             Molise#1  |   .0194655    .026944     0.72   0.470    -.0333914    .0723223
                       |
                 _cons |   .7758721   .0110203    70.40   0.000     .7542532    .7974909
----------------------------------------------------------------------------------------

Absorbed degrees of freedom:
-----------------------------------------------------+
 Absorbed FE | Categories  - Redundant  = Num. Coefs |
-------------+---------------------------------------|
        year |         5           0           5     |
  region_res |         2           1           1     |
-----------------------------------------------------+

added macro:
              e(model) : "F: DiD within age group 3"

added macro:
             e(depvar) : "employed"

. 
. // (G) Full 4-way interaction (DDDD: treat × post × base_inc × age_group)
. eststo G_pooled: reghdfe employed i.treat_quake##i.post_quake##i.base_inc##i.age_group, `absorb_spec'
(MWFE estimator converged in 3 iterations)
note: 1bn.treat_quake is probably collinear with the fixed effects (all partialled-out values are close to zero; tol = 1.0e-09)
note: 1bn.post_quake is probably collinear with the fixed effects (all partialled-out values are close to zero; tol = 1.0e-09)

HDFE Linear regression                            Number of obs   =     62,561
Absorbing 2 HDFE groups                           F(  33,  12770) =      80.29
Statistics robust to heteroskedasticity           Prob > F        =     0.0000
                                                  R-squared       =     0.0428
                                                  Adj R-squared   =     0.0422
                                                  Within R-sq.    =     0.0117
Number of clusters (id_worker) =     12,771       Root MSE        =     0.2486

                                                      (Std. err. adjusted for 12,771 clusters in id_worker)
-----------------------------------------------------------------------------------------------------------
                                          |               Robust
                                 employed | Coefficient  std. err.      t    P>|t|     [95% conf. interval]
------------------------------------------+----------------------------------------------------------------
                              treat_quake |
                                  Molise  |          0  (omitted)
                             1.post_quake |          0  (omitted)
                                          |
                   treat_quake#post_quake |
                                Molise#1  |   .0010597   .0098246     0.11   0.914     -.018198    .0203173
                                          |
                                 base_inc |
                                       2  |   .0608631   .0124289     4.90   0.000     .0365005    .0852257
                                       3  |   .0854962   .0028411    30.09   0.000     .0799273    .0910651
                                          |
                     treat_quake#base_inc |
                                Molise#2  |  -.0166827   .0215878    -0.77   0.440     -.058998    .0256327
                                Molise#3  |  -.0885997   .0723511    -1.22   0.221    -.2304188    .0532193
                                          |
                      post_quake#base_inc |
                                     1 2  |   .0399782    .019448     2.06   0.040     .0018572    .0780992
                                     1 3  |   .0413675   .0058987     7.01   0.000     .0298051    .0529299
                                          |
          treat_quake#post_quake#base_inc |
                              Molise#1#2  |   -.041831   .0434416    -0.96   0.336    -.1269831    .0433211
                              Molise#1#3  |  -.2566361   .2641841    -0.97   0.331    -.7744766    .2612044
                                          |
                                age_group |
                                   35-55  |   .0415775   .0034501    12.05   0.000     .0348149    .0483402
                                     ≥56  |   .0466411   .0076581     6.09   0.000     .0316301    .0616521
                                          |
                    treat_quake#age_group |
                            Molise#35-55  |  -.0003195   .0057174    -0.06   0.955    -.0115265    .0108876
                              Molise#≥56  |  -.0036547   .0119697    -0.31   0.760     -.027117    .0198076
                                          |
                     post_quake#age_group |
                                 1#35-55  |   .0124595   .0069442     1.79   0.073    -.0011522    .0260713
                                   1#≥56  |  -.0600854   .0165775    -3.62   0.000    -.0925796   -.0275911
                                          |
         treat_quake#post_quake#age_group |
                          Molise#1#35-55  |   -.007124   .0115858    -0.61   0.539    -.0298339    .0155859
                            Molise#1#≥56  |    .014418   .0270194     0.53   0.594    -.0385441    .0673801
                                          |
                       base_inc#age_group |
                                 2#35-55  |  -.0276223   .0130299    -2.12   0.034    -.0531629   -.0020818
                                   2#≥56  |   -.031242   .0147181    -2.12   0.034    -.0600917   -.0023924
                                 3#35-55  |  -.0610679   .0076496    -7.98   0.000    -.0760622   -.0460736
                                   3#≥56  |  -.0521367   .0095626    -5.45   0.000     -.070881   -.0333925
                                          |
           treat_quake#base_inc#age_group |
                          Molise#2#35-55  |   .0092259   .0225426     0.41   0.682    -.0349609    .0534127
                            Molise#2#≥56  |   .0113027   .0247799     0.46   0.648    -.0372695     .059875
                          Molise#3#35-55  |   .0945532   .0730646     1.29   0.196    -.0486644    .2377709
                            Molise#3#≥56  |    .032849   .0861825     0.38   0.703    -.1360816    .2017796
                                          |
            post_quake#base_inc#age_group |
                               1#2#35-55  |  -.0133847   .0206097    -0.65   0.516    -.0537827    .0270133
                                 1#2#≥56  |  -.0108605   .0380846    -0.29   0.776    -.0855119     .063791
                               1#3#35-55  |  -.0422937   .0177515    -2.38   0.017    -.0770894    -.007498
                                 1#3#≥56  |  -.0016539   .0498687    -0.03   0.974    -.0994041    .0960963
                                          |
treat_quake#post_quake#base_inc#age_group |
                        Molise#1#2#35-55  |   .0451329   .0447612     1.01   0.313    -.0426058    .1328716
                          Molise#1#2#≥56  |   .0345043   .0648189     0.53   0.595    -.0925505     .161559
                        Molise#1#3#35-55  |   .2931748   .2649583     1.11   0.269    -.2261832    .8125329
                          Molise#1#3#≥56  |   .2731441   .2802415     0.97   0.330    -.2761713    .8224595
                                          |
                                    _cons |   .8999222   .0027352   329.01   0.000     .8945607    .9052837
-----------------------------------------------------------------------------------------------------------

Absorbed degrees of freedom:
-----------------------------------------------------+
 Absorbed FE | Categories  - Redundant  = Num. Coefs |
-------------+---------------------------------------|
        year |         5           0           5     |
  region_res |         2           1           1     |
-----------------------------------------------------+

. estadd local model "G: Full DDDD (income × age)", replace

added macro:
              e(model) : "G: Full DDDD (income × age)"

. estadd local depvar "employed", replace

added macro:
             e(depvar) : "employed"

. 
. * Subgroup regressions by income and age combinations
. forvalues c = 1/3 {
  2.     forvalues a = 1/3 {
  3.         capture eststo G_inc`c'_age`a': reghdfe employed i.treat_quake##i.post_quake ///
>             if base_inc == `c' & age_group == `a', `absorb_spec'
  4.         if !_rc {
  5.             estadd local model "G: DiD within inc=`c', age=`a'", replace
  6.             estadd local depvar "employed", replace
  7.             
.             qui margins treat_quake#post_quake
  8.             qui lincom 1.treat_quake#1.post_quake
  9.         }
 10.     }
 11. }

added macro:
              e(model) : "G: DiD within inc=1, age=1"

added macro:
             e(depvar) : "employed"

added macro:
              e(model) : "G: DiD within inc=1, age=2"

added macro:
             e(depvar) : "employed"

added macro:
              e(model) : "G: DiD within inc=1, age=3"

added macro:
             e(depvar) : "employed"

added macro:
              e(model) : "G: DiD within inc=2, age=1"

added macro:
             e(depvar) : "employed"

added macro:
              e(model) : "G: DiD within inc=2, age=2"

added macro:
             e(depvar) : "employed"

added macro:
              e(model) : "G: DiD within inc=2, age=3"

added macro:
             e(depvar) : "employed"

added macro:
              e(model) : "G: DiD within inc=3, age=1"

added macro:
             e(depvar) : "employed"

added macro:
              e(model) : "G: DiD within inc=3, age=2"

added macro:
             e(depvar) : "employed"

added macro:
              e(model) : "G: DiD within inc=3, age=3"

added macro:
             e(depvar) : "employed"

. 
. *============================*
. *     PLOTS FOR B, D, F, G   *
. *============================*
. 
. // B — Type-specific DiD
. cap coefplot ///
>     (B_y_private, keep(1.treat_quake#1.post_quake) label("Private")) ///
>     (B_y_public,  keep(1.treat_quake#1.post_quake) label("Public")) ///
>     (B_y_self,    keep(1.treat_quake#1.post_quake) label("Self")), ///
>     vertical xline(0, lp(dash)) ciopts(recast(rcap)) ///
>     coeflabels(1.treat_quake#1.post_quake = "Treat×Post") ///
>     title("B — Type-specific DiD") ytitle("Coefficient") xtitle("")

. if !_rc graph export "$OUT/plot_B_types.png", replace
file /Users/vittoriogaravelli/GitHub/GitHub/ERMDA-30464_GP/output/plot_B_types.png saved as PNG format

. 
. // D — Baseline-income heterogeneity
. cap coefplot ///
>     (D_bin1, keep(1.treat_quake#1.post_quake) label("Low (pre)")) ///
>     (D_bin2, keep(1.treat_quake#1.post_quake) label("Med (pre)")) ///
>     (D_bin3, keep(1.treat_quake#1.post_quake) label("High (pre)")), ///
>     vertical xline(0, lp(dash)) ciopts(recast(rcap)) ///
>     coeflabels(1.treat_quake#1.post_quake = "Treat×Post") ///
>     title("D — DiD within baseline income bins") ytitle("Coefficient") xtitle("")

. if !_rc graph export "$OUT/plot_D_bins.png", replace
file /Users/vittoriogaravelli/GitHub/GitHub/ERMDA-30464_GP/output/plot_D_bins.png saved as PNG format

. 
. // F — Age heterogeneity
. cap coefplot ///
>     (F_age1, keep(1.treat_quake#1.post_quake) label("≤34")) ///
>     (F_age2, keep(1.treat_quake#1.post_quake) label("35-55")) ///
>     (F_age3, keep(1.treat_quake#1.post_quake) label("≥56")), ///
>     vertical xline(0, lp(dash)) ciopts(recast(rcap)) ///
>     coeflabels(1.treat_quake#1.post_quake = "Treat×Post") ///
>     title("F — DiD within age groups") ytitle("Coefficient") xtitle("")

. if !_rc graph export "$OUT/plot_F_age.png", replace
file /Users/vittoriogaravelli/GitHub/GitHub/ERMDA-30464_GP/output/plot_F_age.png saved as PNG format

. 
. // G — Full DDDD: Income × Age grid
. * Create coefficient plot for all income-age combinations
. local plot_list ""

. local label_list ""

. local counter = 1

. forvalues c = 1/3 {
  2.     forvalues a = 1/3 {
  3.         capture confirm variable e(sample) in 1 using G_inc`c'_age`a'
  4.         if !_rc {
  5.             local inc_label: label inc3 `c'
  6.             local age_label: label age_grp `a'
  7.             local plot_list `"`plot_list' (G_inc`c'_age`a', keep(1.treat_quake#1.post_quake) label("`inc_label', `age_label'"))"'
  8.             local counter = `counter' + 1
  9.         }
 10.     }
 11. }

. 
. cap coefplot `plot_list', ///
>     vertical xline(0, lp(dash)) ciopts(recast(rcap)) ///
>     coeflabels(1.treat_quake#1.post_quake = "Treat×Post") ///
>     title("G — DiD within income × age bins") ytitle("Coefficient") xtitle("") ///
>     xlabel(, angle(45) labsize(vsmall))

. if !_rc graph export "$OUT/plot_G_income_age.png", replace
file /Users/vittoriogaravelli/GitHub/GitHub/ERMDA-30464_GP/output/plot_G_income_age.png saved as PNG format

. 
. *============================*
. *   EVENT STUDY (DYNAMIC)    *
. *============================*
. 
. cap program drop _evtstore

. program define _evtstore
  1.     syntax, Filepath(string)
  2.     parmest, norestore
  3.     keep if strpos(parm, "event_") == 1
  4.     
.     gen str10 rel_str = subinstr(parm, "event_", "", 1)
  5.     replace rel_str = subinstr(rel_str, "m", "-", 1)
  6.     gen rel = real(rel_str)
  7.     
.     rename (estimate min95 max95) (beta ci_lo ci_hi)
  8.     keep rel beta ci_lo ci_hi
  9.     sort rel
 10.     
.     export delimited using "`filepath'", replace
 11. end

. 
. foreach y of local outcomes {
  2.     preserve
  3.     keep if inrange(rel_year, -5, 5)
  4.     
.     cap drop event_*
  5.     forval k = -5/5 {
  6.         if `k' != 0 {
  7.             local suffix = cond(`k' < 0, "m" + string(abs(`k')), string(`k'))
  8.             gen byte event_`suffix' = (rel_year == `k' & treat_quake == 1)
  9.         }
 10.     }
 11.     
.     cap confirm variable `y'
 12.     if !_rc {
 13.         qui count if !missing(`y')
 14.         if r(N) > 0 {
 15.             eststo C_`y': reghdfe `y' event_*, `absorb_spec'
 16.             estadd local model "C: Dynamic DiD", replace
 17.             estadd local depvar "`y'", replace
 18.             
.             qui _evtstore, filepath("$OUT/eventstudy_`y'.csv")
 19.             
.             cap coefplot, keep(event_*) vertical yline(0, lp(dash)) ///
>                 ciopts(recast(rcap)) title("Event study: `y'") ///
>                 ytitle("Effect vs rel_year=0") xtitle("Relative year")
 20.             if !_rc graph export "$OUT/eventstudy_`y'.png", replace
 21.         }
 22.     }
 23.     restore
 24. }
(0 observations deleted)
(MWFE estimator converged in 3 iterations)
note: event_m5 omitted because of collinearity
note: event_m4 omitted because of collinearity
note: event_m3 omitted because of collinearity
note: event_3 omitted because of collinearity
note: event_4 omitted because of collinearity
note: event_5 omitted because of collinearity

HDFE Linear regression                            Number of obs   =     74,130
Absorbing 2 HDFE groups                           F(   4,  15195) =       0.69
Statistics robust to heteroskedasticity           Prob > F        =     0.5962
                                                  R-squared       =     0.0046
                                                  Adj R-squared   =     0.0045
                                                  Within R-sq.    =     0.0000
Number of clusters (id_worker) =     15,196       Root MSE        =     0.3666

                         (Std. err. adjusted for 15,196 clusters in id_worker)
------------------------------------------------------------------------------
             |               Robust
    employed | Coefficient  std. err.      t    P>|t|     [95% conf. interval]
-------------+----------------------------------------------------------------
    event_m5 |          0  (omitted)
    event_m4 |          0  (omitted)
    event_m3 |          0  (omitted)
    event_m2 |   .0104494   .0077385     1.35   0.177     -.004719    .0256178
    event_m1 |   .0065029   .0057937     1.12   0.262    -.0048534    .0178591
     event_1 |  -.0009755   .0055255    -0.18   0.860    -.0118061    .0098552
     event_2 |   .0022643   .0065551     0.35   0.730    -.0105845     .015113
     event_3 |          0  (omitted)
     event_4 |          0  (omitted)
     event_5 |          0  (omitted)
       _cons |   .8378083   .0025583   327.49   0.000     .8327937    .8428229
------------------------------------------------------------------------------

Absorbed degrees of freedom:
-----------------------------------------------------+
 Absorbed FE | Categories  - Redundant  = Num. Coefs |
-------------+---------------------------------------|
        year |         5           0           5     |
  region_res |         2           1           1     |
-----------------------------------------------------+

added macro:
              e(model) : "C: Dynamic DiD"

added macro:
             e(depvar) : "employed"
file /Users/vittoriogaravelli/GitHub/GitHub/ERMDA-30464_GP/output/eventstudy_employed.png saved as PNG format
(0 observations deleted)
(MWFE estimator converged in 3 iterations)
note: event_m5 omitted because of collinearity
note: event_m4 omitted because of collinearity
note: event_m3 omitted because of collinearity
note: event_3 omitted because of collinearity
note: event_4 omitted because of collinearity
note: event_5 omitted because of collinearity

HDFE Linear regression                            Number of obs   =     62,204
Absorbing 2 HDFE groups                           F(   4,  14739) =       1.15
Statistics robust to heteroskedasticity           Prob > F        =     0.3327
                                                  R-squared       =     0.0104
                                                  Adj R-squared   =     0.0103
                                                  Within R-sq.    =     0.0000
Number of clusters (id_worker) =     14,740       Root MSE        = 11533.1522

                         (Std. err. adjusted for 14,740 clusters in id_worker)
------------------------------------------------------------------------------
             |               Robust
        wage | Coefficient  std. err.      t    P>|t|     [95% conf. interval]
-------------+----------------------------------------------------------------
    event_m5 |          0  (omitted)
    event_m4 |          0  (omitted)
    event_m3 |          0  (omitted)
    event_m2 |   27.35897   156.6175     0.17   0.861    -279.6308    334.3488
    event_m1 |   50.74238   129.5563     0.39   0.695    -203.2041    304.6889
     event_1 |   258.6177   133.0958     1.94   0.052    -2.266647    519.5021
     event_2 |   57.48029   157.6788     0.36   0.715    -251.5898    366.5504
     event_3 |          0  (omitted)
     event_4 |          0  (omitted)
     event_5 |          0  (omitted)
       _cons |   15509.89   96.20836   161.21   0.000     15321.31    15698.47
------------------------------------------------------------------------------

Absorbed degrees of freedom:
-----------------------------------------------------+
 Absorbed FE | Categories  - Redundant  = Num. Coefs |
-------------+---------------------------------------|
        year |         5           0           5     |
  region_res |         2           1           1     |
-----------------------------------------------------+

added macro:
              e(model) : "C: Dynamic DiD"

added macro:
             e(depvar) : "wage"
file /Users/vittoriogaravelli/GitHub/GitHub/ERMDA-30464_GP/output/eventstudy_wage.png saved as PNG format
(0 observations deleted)
(MWFE estimator converged in 3 iterations)
note: event_m5 omitted because of collinearity
note: event_m4 omitted because of collinearity
note: event_m3 omitted because of collinearity
note: event_3 omitted because of collinearity
note: event_4 omitted because of collinearity
note: event_5 omitted because of collinearity

HDFE Linear regression                            Number of obs   =     62,204
Absorbing 2 HDFE groups                           F(   4,  14739) =       1.75
Statistics robust to heteroskedasticity           Prob > F        =     0.1355
                                                  R-squared       =     0.0112
                                                  Adj R-squared   =     0.0111
                                                  Within R-sq.    =     0.0001
Number of clusters (id_worker) =     14,740       Root MSE        =     1.0453

                         (Std. err. adjusted for 14,740 clusters in id_worker)
------------------------------------------------------------------------------
             |               Robust
      lnwage | Coefficient  std. err.      t    P>|t|     [95% conf. interval]
-------------+----------------------------------------------------------------
    event_m5 |          0  (omitted)
    event_m4 |          0  (omitted)
    event_m3 |          0  (omitted)
    event_m2 |  -.0051063   .0219682    -0.23   0.816    -.0481667    .0379541
    event_m1 |   .0159099   .0192923     0.82   0.410    -.0219054    .0537251
     event_1 |   .0168151   .0178454     0.94   0.346    -.0181641    .0517944
     event_2 |  -.0307448   .0206741    -1.49   0.137    -.0712687    .0097791
     event_3 |          0  (omitted)
     event_4 |          0  (omitted)
     event_5 |          0  (omitted)
       _cons |   9.313155   .0080343  1159.18   0.000     9.297406    9.328903
------------------------------------------------------------------------------

Absorbed degrees of freedom:
-----------------------------------------------------+
 Absorbed FE | Categories  - Redundant  = Num. Coefs |
-------------+---------------------------------------|
        year |         5           0           5     |
  region_res |         2           1           1     |
-----------------------------------------------------+

added macro:
              e(model) : "C: Dynamic DiD"

added macro:
             e(depvar) : "lnwage"
file /Users/vittoriogaravelli/GitHub/GitHub/ERMDA-30464_GP/output/eventstudy_lnwage.png saved as PNG format

. 
. *============================*
. * ROBUSTNESS CHECKS          *
. *============================*
. 
. // (R1) Different treatment timing (use 2002 vs 2003)
. gen byte post_quake_2002 = (year >= 2002)

. eststo R1: reghdfe employed i.post_quake_2002##i.treat_quake, ///
>     absorb(year region_res) vce(cluster id_worker)
(MWFE estimator converged in 3 iterations)
note: 1bn.post_quake_2002 is probably collinear with the fixed effects (all partialled-out values are close to zero; tol = 1.0e-09)
note: 1bn.treat_quake is probably collinear with the fixed effects (all partialled-out values are close to zero; tol = 1.0e-09)

HDFE Linear regression                            Number of obs   =     74,130
Absorbing 2 HDFE groups                           F(   1,  15195) =       2.33
Statistics robust to heteroskedasticity           Prob > F        =     0.1273
                                                  R-squared       =     0.0046
                                                  Adj R-squared   =     0.0046
                                                  Within R-sq.    =     0.0000
Number of clusters (id_worker) =     15,196       Root MSE        =     0.3666

                                        (Std. err. adjusted for 15,196 clusters in id_worker)
---------------------------------------------------------------------------------------------
                            |               Robust
                   employed | Coefficient  std. err.      t    P>|t|     [95% conf. interval]
----------------------------+----------------------------------------------------------------
          1.post_quake_2002 |          0  (omitted)
                            |
                treat_quake |
                    Molise  |          0  (omitted)
                            |
post_quake_2002#treat_quake |
                  1#Molise  |  -.0080625   .0052867    -1.53   0.127     -.018425       .0023
                            |
                      _cons |   .8408125   .0024254   346.67   0.000     .8360584    .8455666
---------------------------------------------------------------------------------------------

Absorbed degrees of freedom:
-----------------------------------------------------+
 Absorbed FE | Categories  - Redundant  = Num. Coefs |
-------------+---------------------------------------|
        year |         5           0           5     |
  region_res |         2           1           1     |
-----------------------------------------------------+

. 
. // (R2) Exclude transition year (drop 2002)
. eststo R2: reghdfe employed i.post_quake##i.treat_quake if year != 2002, ///
>     absorb(year region_res) vce(cluster id_worker)
(MWFE estimator converged in 3 iterations)
note: 1bn.post_quake is probably collinear with the fixed effects (all partialled-out values are close to zero; tol = 1.0e-09)
note: 1bn.treat_quake is probably collinear with the fixed effects (all partialled-out values are close to zero; tol = 1.0e-09)

HDFE Linear regression                            Number of obs   =     59,280
Absorbing 2 HDFE groups                           F(   1,  15195) =       1.76
Statistics robust to heteroskedasticity           Prob > F        =     0.1845
                                                  R-squared       =     0.0057
                                                  Adj R-squared   =     0.0056
                                                  Within R-sq.    =     0.0000
Number of clusters (id_worker) =     15,196       Root MSE        =     0.3674

                                   (Std. err. adjusted for 15,196 clusters in id_worker)
----------------------------------------------------------------------------------------
                       |               Robust
              employed | Coefficient  std. err.      t    P>|t|     [95% conf. interval]
-----------------------+----------------------------------------------------------------
          1.post_quake |          0  (omitted)
                       |
           treat_quake |
               Molise  |          0  (omitted)
                       |
post_quake#treat_quake |
             1#Molise  |  -.0078486   .0059137    -1.33   0.184    -.0194402     .003743
                       |
                 _cons |   .8394031   .0023905   351.15   0.000     .8347175    .8440887
----------------------------------------------------------------------------------------

Absorbed degrees of freedom:
-----------------------------------------------------+
 Absorbed FE | Categories  - Redundant  = Num. Coefs |
-------------+---------------------------------------|
        year |         4           0           4     |
  region_res |         2           1           1     |
-----------------------------------------------------+

. 
. // (R3) Balanced panel only
. bys id_worker: gen n_obs = _N

. eststo R3: reghdfe employed i.post_quake##i.treat_quake if n_obs == 5, ///
>     absorb(year region_res) vce(cluster id_worker)
(MWFE estimator converged in 2 iterations)
note: 1bn.post_quake is probably collinear with the fixed effects (all partialled-out values are close to zero; tol = 1.0e-09)
note: 1bn.treat_quake is probably collinear with the fixed effects (all partialled-out values are close to zero; tol = 1.0e-09)

HDFE Linear regression                            Number of obs   =     71,925
Absorbing 2 HDFE groups                           F(   1,  14384) =       1.31
Statistics robust to heteroskedasticity           Prob > F        =     0.2530
                                                  R-squared       =     0.0049
                                                  Adj R-squared   =     0.0048
                                                  Within R-sq.    =     0.0000
Number of clusters (id_worker) =     14,385       Root MSE        =     0.3648

                                   (Std. err. adjusted for 14,385 clusters in id_worker)
----------------------------------------------------------------------------------------
                       |               Robust
              employed | Coefficient  std. err.      t    P>|t|     [95% conf. interval]
-----------------------+----------------------------------------------------------------
          1.post_quake |          0  (omitted)
                       |
           treat_quake |
               Molise  |          0  (omitted)
                       |
post_quake#treat_quake |
             1#Molise  |  -.0057446   .0050253    -1.14   0.253    -.0155948    .0041057
                       |
                 _cons |    .841786   .0023106   364.31   0.000     .8372568    .8463151
----------------------------------------------------------------------------------------

Absorbed degrees of freedom:
-----------------------------------------------------+
 Absorbed FE | Categories  - Redundant  = Num. Coefs |
-------------+---------------------------------------|
        year |         5           0           5     |
  region_res |         2           1           1     |
-----------------------------------------------------+

. 
. // (R4) Different wage thresholds for employment
. gen byte employed_alt = (wage > 1000) | (type != 4)

. eststo R4: reghdfe employed_alt i.post_quake##i.treat_quake, ///
>     absorb(year region_res) vce(cluster id_worker)
(MWFE estimator converged in 3 iterations)
warning: dependent variable employed_alt is likely perfectly explained by the fixed effects (tol = 1.0e-09)
note: 1bn.post_quake is probably collinear with the fixed effects (all partialled-out values are close to zero; tol = 1.0e-09)
note: 1bn.treat_quake is probably collinear with the fixed effects (all partialled-out values are close to zero; tol = 1.0e-09)
warning: missing F statistic; dropped variables due to collinearity or too few clusters

HDFE Linear regression                            Number of obs   =     74,130
Absorbing 2 HDFE groups                           F(   1,  15195) =          .
Statistics robust to heteroskedasticity           Prob > F        =          .
                                                  Root MSE        =     0.0000
Number of clusters (id_worker) =     15,196

                                   (Std. err. adjusted for 15,196 clusters in id_worker)
----------------------------------------------------------------------------------------
                       |               Robust
          employed_alt | Coefficient  std. err.      t    P>|t|     [95% conf. interval]
-----------------------+----------------------------------------------------------------
          1.post_quake |          0  (omitted)
                       |
           treat_quake |
               Molise  |          0  (omitted)
                       |
post_quake#treat_quake |
             1#Molise  |          0  (omitted)
                       |
                 _cons |          1          .        .       .            .           .
----------------------------------------------------------------------------------------

Absorbed degrees of freedom:
-----------------------------------------------------+
 Absorbed FE | Categories  - Redundant  = Num. Coefs |
-------------+---------------------------------------|
        year |         5           0           5     |
  region_res |         2           1           1     |
-----------------------------------------------------+

. 
. // (R5) Winsorize wages at 1% and 99%
. egen wage_p1 = pctile(wage), p(1)

. egen wage_p99 = pctile(wage), p(99)

. gen wage_wins = wage
(11,926 missing values generated)

. replace wage_wins = wage_p1 if wage < wage_p1 & !missing(wage)
(572 real changes made)

. replace wage_wins = wage_p99 if wage > wage_p99 & !missing(wage)
(619 real changes made)

. eststo R5: reghdfe wage_wins i.post_quake##i.treat_quake, ///
>     absorb(year region_res) vce(cluster id_worker)
(MWFE estimator converged in 3 iterations)
note: 1bn.post_quake is probably collinear with the fixed effects (all partialled-out values are close to zero; tol = 1.0e-09)
note: 1bn.treat_quake is probably collinear with the fixed effects (all partialled-out values are close to zero; tol = 1.0e-09)

HDFE Linear regression                            Number of obs   =     62,204
Absorbing 2 HDFE groups                           F(   1,  14739) =       0.96
Statistics robust to heteroskedasticity           Prob > F        =     0.3260
                                                  R-squared       =     0.0117
                                                  Adj R-squared   =     0.0116
                                                  Within R-sq.    =     0.0000
Number of clusters (id_worker) =     14,740       Root MSE        = 10565.6306

                                   (Std. err. adjusted for 14,740 clusters in id_worker)
----------------------------------------------------------------------------------------
                       |               Robust
             wage_wins | Coefficient  std. err.      t    P>|t|     [95% conf. interval]
-----------------------+----------------------------------------------------------------
          1.post_quake |          0  (omitted)
                       |
           treat_quake |
               Molise  |          0  (omitted)
                       |
post_quake#treat_quake |
             1#Molise  |   107.4413   109.3951     0.98   0.326    -106.9867    321.8694
                       |
                 _cons |   15360.31   85.23729   180.21   0.000     15193.24    15527.39
----------------------------------------------------------------------------------------

Absorbed degrees of freedom:
-----------------------------------------------------+
 Absorbed FE | Categories  - Redundant  = Num. Coefs |
-------------+---------------------------------------|
        year |         5           0           5     |
  region_res |         2           1           1     |
-----------------------------------------------------+

. 
. // Export robustness table
. esttab R1 R2 R3 R4 R5 using "$OUT/results_robustness.txt", ///
>     replace se r2 ar2 label nonotes b(%9.4f) se(%9.4f) `star_spec' ///
>     title("Robustness Checks")
(output written to output/results_robustness.txt)

. 
. *============================*
. *      PLACEBO TESTS         *
. *============================*
. 
. // (P1) Placebo treatment year (pretend shock was in 2001)
. gen byte fake_post = (year >= 2001)

. eststo P1: reghdfe employed i.fake_post##i.treat_quake if year <= 2002, ///
>     absorb(year region_res) vce(cluster id_worker)
(MWFE estimator converged in 3 iterations)
note: 1bn.fake_post is probably collinear with the fixed effects (all partialled-out values are close to zero; tol = 1.0e-09)
note: 1bn.treat_quake is probably collinear with the fixed effects (all partialled-out values are close to zero; tol = 1.0e-09)

HDFE Linear regression                            Number of obs   =     45,008
Absorbing 2 HDFE groups                           F(   1,  15195) =       1.07
Statistics robust to heteroskedasticity           Prob > F        =     0.3000
                                                  R-squared       =     0.0040
                                                  Adj R-squared   =     0.0039
                                                  Within R-sq.    =     0.0000
Number of clusters (id_worker) =     15,196       Root MSE        =     0.3533

                                  (Std. err. adjusted for 15,196 clusters in id_worker)
---------------------------------------------------------------------------------------
                      |               Robust
             employed | Coefficient  std. err.      t    P>|t|     [95% conf. interval]
----------------------+----------------------------------------------------------------
          1.fake_post |          0  (omitted)
                      |
          treat_quake |
              Molise  |          0  (omitted)
                      |
fake_post#treat_quake |
            1#Molise  |  -.0071766   .0069247    -1.04   0.300    -.0207498    .0063966
                      |
                _cons |   .8548041    .002678   319.20   0.000     .8495549    .8600532
---------------------------------------------------------------------------------------

Absorbed degrees of freedom:
-----------------------------------------------------+
 Absorbed FE | Categories  - Redundant  = Num. Coefs |
-------------+---------------------------------------|
        year |         3           0           3     |
  region_res |         2           1           1     |
-----------------------------------------------------+

. estadd local model "P1: Placebo 2001", replace

added macro:
              e(model) : "P1: Placebo 2001"

. drop fake_post

. 
. // (P2) Placebo outcome (gender - shouldn't change)
. destring gender, replace force
gender already numeric; no replace

. eststo P2: reghdfe gender i.post_quake##i.treat_quake, ///
>     absorb(year region_res) vce(cluster id_worker)
(MWFE estimator converged in 3 iterations)
note: 1bn.post_quake is probably collinear with the fixed effects (all partialled-out values are close to zero; tol = 1.0e-09)
note: 1bn.treat_quake is probably collinear with the fixed effects (all partialled-out values are close to zero; tol = 1.0e-09)

HDFE Linear regression                            Number of obs   =     74,130
Absorbing 2 HDFE groups                           F(   1,  15195) =       3.16
Statistics robust to heteroskedasticity           Prob > F        =     0.0757
                                                  R-squared       =     0.0003
                                                  Adj R-squared   =     0.0002
                                                  Within R-sq.    =     0.0000
Number of clusters (id_worker) =     15,196       Root MSE        =     0.4737

                                   (Std. err. adjusted for 15,196 clusters in id_worker)
----------------------------------------------------------------------------------------
                       |               Robust
                gender | Coefficient  std. err.      t    P>|t|     [95% conf. interval]
-----------------------+----------------------------------------------------------------
          1.post_quake |          0  (omitted)
                       |
           treat_quake |
               Molise  |          0  (omitted)
                       |
post_quake#treat_quake |
             1#Molise  |   .0020098   .0011315     1.78   0.076     -.000208    .0042276
                       |
                 _cons |   .3398665    .003876    87.68   0.000      .332269     .347464
----------------------------------------------------------------------------------------

Absorbed degrees of freedom:
-----------------------------------------------------+
 Absorbed FE | Categories  - Redundant  = Num. Coefs |
-------------+---------------------------------------|
        year |         5           0           5     |
  region_res |         2           1           1     |
-----------------------------------------------------+

. estadd local model "P2: Placebo outcome (gender)", replace

added macro:
              e(model) : "P2: Placebo outcome (gender)"

. 
. // (P3) Randomization test: assign treatment to random workers
. set seed 12345

. gen random_treat = runiform() > 0.5

. eststo P3: reghdfe employed i.post_quake##i.random_treat, ///
>     absorb(year region_res) vce(cluster id_worker)
(MWFE estimator converged in 2 iterations)
note: 1bn.post_quake is probably collinear with the fixed effects (all partialled-out values are close to zero; tol = 1.0e-09)

HDFE Linear regression                            Number of obs   =     74,130
Absorbing 2 HDFE groups                           F(   2,  15195) =       0.25
Statistics robust to heteroskedasticity           Prob > F        =     0.7775
                                                  R-squared       =     0.0046
                                                  Adj R-squared   =     0.0045
                                                  Within R-sq.    =     0.0000
Number of clusters (id_worker) =     15,196       Root MSE        =     0.3666

                                    (Std. err. adjusted for 15,196 clusters in id_worker)
-----------------------------------------------------------------------------------------
                        |               Robust
               employed | Coefficient  std. err.      t    P>|t|     [95% conf. interval]
------------------------+----------------------------------------------------------------
           1.post_quake |          0  (omitted)
         1.random_treat |   -.000747   .0033004    -0.23   0.821    -.0072162    .0057222
                        |
post_quake#random_treat |
                   1 1  |  -.0022989   .0056718    -0.41   0.685    -.0134162    .0088184
                        |
                  _cons |   .8399423   .0025297   332.03   0.000     .8349838    .8449008
-----------------------------------------------------------------------------------------

Absorbed degrees of freedom:
-----------------------------------------------------+
 Absorbed FE | Categories  - Redundant  = Num. Coefs |
-------------+---------------------------------------|
        year |         5           0           5     |
  region_res |         2           1           1     |
-----------------------------------------------------+

. estadd local model "P3: Random treatment", replace

added macro:
              e(model) : "P3: Random treatment"

. drop random_treat

. 
. // Export placebo results
. cap erase "$OUT/results_placebo.txt"

. esttab P1 P2 P3 using "$OUT/results_placebo.txt", ///
>     `table_opts' title("Placebo Tests")
(output written to output/results_placebo.txt)

. *============================*
. *      EXPORT RESULTS        *
. *============================*
. local star_spec star(* 0.10 ** 0.05 *** 0.01)

. local table_opts replace se r2 ar2 label nonotes b(%9.4f) se(%9.4f) `star_spec'

. 
. esttab D_pooled D_bin1 D_bin2 D_bin3 using "$OUT/results_D_baseline_income.txt", ///
>     `table_opts' title("D — Baseline income heterogeneity")
(output written to output/results_D_baseline_income.txt)

. 
. esttab E_y_emp_* using "$OUT/results_E_joint_outcomes.txt", ///
>     `table_opts' title("E — Joint outcomes: Pr(emp & worker avg income)")
(output written to output/results_E_joint_outcomes.txt)

. 
. esttab F_pooled F_age1 F_age2 F_age3 using "$OUT/results_F_age_heterogeneity.txt", ///
>     `table_opts' title("F — Age heterogeneity")
(output written to output/results_F_age_heterogeneity.txt)

. 
. esttab G_pooled G_inc*_age* using "$OUT/results_G_full_DDDD.txt", ///
>     `table_opts' title("G — Full DDDD: Income × Age heterogeneity")
(output written to output/results_G_full_DDDD.txt)

. 
. esttab A_* B_* C_* D_* E_* F_* G_* using "$OUT/results_ALL.txt", ///
>     `table_opts' nogap nogaps ///
>     title("A/B/C/D/E/F/G — All Analyses")
(output written to output/results_ALL.txt)

. 
. log close _all
      name:  <unnamed>
       log:  /Users/vittoriogaravelli/GitHub/GitHub/ERMDA-30464_GP/output/empirical_final_00_04.log
  log type:  text
 closed on:  26 Nov 2025, 10:08:12
---------------------------------------------------------------------------------------------------------------------------------------------
